C:\Users\venud\git\Train-Ticket-Reservation-System\src\com\shashi\servlets\AdminTrainUpdateFwd.java
C:\Users\venud\git\Train-Ticket-Reservation-System\src\com\shashi\servlets\AdminLogoutServlet.java
C:\Users\venud\git\Train-Ticket-Reservation-System\src\com\shashi\service\UserService.java
C:\Users\venud\git\Train-Ticket-Reservation-System\src\com\shashi\servlets\FareEnqFwd.java
C:\Users\venud\git\Train-Ticket-Reservation-System\src\com\shashi\servlets\UserSearchTrain.java
C:\Users\venud\git\Train-Ticket-Reservation-System\src\com\shashi\service\TrainService.java
C:\Users\venud\git\Train-Ticket-Reservation-System\src\com\shashi\servlets\BookTrains.java
C:\Users\venud\git\Train-Ticket-Reservation-System\src\com\shashi\constant\UserRole.java
C:\Users\venud\git\Train-Ticket-Reservation-System\src\com\shashi\servlets\AddTrainFwd.java
C:\Users\venud\git\Train-Ticket-Reservation-System\src\com\shashi\servlets\BookTrainByRef.java
C:\Users\venud\git\Train-Ticket-Reservation-System\src\com\shashi\servlets\TicketBookingHistory.java
C:\Users\venud\git\Train-Ticket-Reservation-System\src\com\shashi\servlets\UserHome.java
C:\Users\venud\git\Train-Ticket-Reservation-System\src\com\shashi\servlets\BookTrainPayment.java
C:\Users\venud\git\Train-Ticket-Reservation-System\src\com\shashi\servlets\UpdateUserProfile.java
C:\Users\venud\git\Train-Ticket-Reservation-System\src\com\shashi\servlets\AdminAddTrain.java
C:\Users\venud\git\Train-Ticket-Reservation-System\src\com\shashi\servlets\AdminSearchTrain.java
C:\Users\venud\git\Train-Ticket-Reservation-System\src\com\shashi\servlets\UserSearchFwd.java
C:\Users\venud\git\Train-Ticket-Reservation-System\src\com\shashi\beans\BookingDetails.java
C:\Users\venud\git\Train-Ticket-Reservation-System\src\com\shashi\beans\TrainException.java
C:\Users\venud\git\Train-Ticket-Reservation-System\src\com\shashi\beans\AdminBean.java
C:\Users\venud\git\Train-Ticket-Reservation-System\src\com\shashi\servlets\ErrorHandlerServlet.java
C:\Users\venud\git\Train-Ticket-Reservation-System\src\com\shashi\servlets\UserAvailServlet.java
C:\Users\venud\git\Train-Ticket-Reservation-System\src\com\shashi\servlets\FareEnq.java
C:\Users\venud\git\Train-Ticket-Reservation-System\src\com\shashi\service\impl\UserServiceImpl.java
C:\Users\venud\git\Train-Ticket-Reservation-System\src\com\shashi\utility\DBUtil.java
C:\Users\venud\git\Train-Ticket-Reservation-System\src\com\shashi\service\BookingService.java
C:\Users\venud\git\Train-Ticket-Reservation-System\src\com\shashi\servlets\ChangeUserPwd.java
C:\Users\venud\git\Train-Ticket-Reservation-System\src\com\shashi\servlets\AdminCancleTrainFwd.java
C:\Users\venud\git\Train-Ticket-Reservation-System\src\com\shashi\utility\TrainUtil.java
C:\Users\venud\git\Train-Ticket-Reservation-System\src\com\shashi\servlets\BookTrainFwd.java
C:\Users\venud\git\Train-Ticket-Reservation-System\src\com\shashi\servlets\ChangeUserPassword.java
C:\Users\venud\git\Train-Ticket-Reservation-System\src\com\shashi\servlets\UserLoginServlet.java
C:\Users\venud\git\Train-Ticket-Reservation-System\src\com\shashi\beans\HistoryBean.java
C:\Users\venud\git\Train-Ticket-Reservation-System\src\com\shashi\servlets\AdminViewTrainFwd.java
C:\Users\venud\git\Train-Ticket-Reservation-System\src\com\shashi\servlets\TrainBwStnFwd.java
C:\Users\venud\git\Train-Ticket-Reservation-System\src\com\shashi\servlets\UserViewLinkGet.java
C:\Users\venud\git\Train-Ticket-Reservation-System\src\com\shashi\servlets\ViewUserProfile.java
C:\Users\venud\git\Train-Ticket-Reservation-System\src\com\shashi\servlets\AdminCancleTrain.java
C:\Users\venud\git\Train-Ticket-Reservation-System\src\com\shashi\servlets\UserViewTrainFwd.java
C:\Users\venud\git\Train-Ticket-Reservation-System\src\com\shashi\service\impl\BookingServiceImpl.java
C:\Users\venud\git\Train-Ticket-Reservation-System\src\com\shashi\servlets\UserRegServlet.java
C:\Users\venud\git\Train-Ticket-Reservation-System\src\com\shashi\servlets\AdminViewLinkFwd.java
C:\Users\venud\git\Train-Ticket-Reservation-System\src\com\shashi\servlets\UpdateTrainSchedule.java
C:\Users\venud\git\Train-Ticket-Reservation-System\src\com\shashi\servlets\UserProfile.java
C:\Users\venud\git\Train-Ticket-Reservation-System\src\com\shashi\servlets\TrainBwStn.java
C:\Users\venud\git\Train-Ticket-Reservation-System\src\com\shashi\service\impl\TrainServiceImpl.java
C:\Users\venud\git\Train-Ticket-Reservation-System\src\com\shashi\servlets\UserLogoutServlet.java
C:\Users\venud\git\Train-Ticket-Reservation-System\src\com\shashi\servlets\AdminSearchTrainFwd.java
C:\Users\venud\git\Train-Ticket-Reservation-System\src\com\shashi\servlets\EditUserProfile.java
C:\Users\venud\git\Train-Ticket-Reservation-System\src\com\shashi\constant\ResponseCode.java
C:\Users\venud\git\Train-Ticket-Reservation-System\src\com\shashi\servlets\AdminLogin.java
C:\Users\venud\git\Train-Ticket-Reservation-System\src\com\shashi\servlets\AdminTrainUpdate.java
C:\Users\venud\git\Train-Ticket-Reservation-System\src\com\shashi\beans\TrainBean.java
C:\Users\venud\git\Train-Ticket-Reservation-System\src\com\shashi\servlets\UserAvailFwd.java
C:\Users\venud\git\Train-Ticket-Reservation-System\src\com\shashi\beans\UserBean.java
